Starting a Gradle Daemon, 2 stopped Daemons could not be reused, use --status for details
> Task :app:preBuild UP-TO-DATE
> Task :app:preDebugBuild UP-TO-DATE
> Task :app:mergeDebugNativeDebugMetadata NO-SOURCE
> Task :app:checkKotlinGradlePluginConfigurationErrors SKIPPED
> Task :app:generateDebugBuildConfig
> Task :app:checkDebugAarMetadata UP-TO-DATE
> Task :app:processDebugNavigationResources UP-TO-DATE
> Task :app:compileDebugNavigationResources UP-TO-DATE
> Task :app:generateDebugResValues UP-TO-DATE
> Task :app:mapDebugSourceSetPaths UP-TO-DATE
> Task :app:generateDebugResources UP-TO-DATE
> Task :app:mergeDebugResources UP-TO-DATE
> Task :app:packageDebugResources UP-TO-DATE
> Task :app:parseDebugLocalResources UP-TO-DATE
> Task :app:createDebugCompatibleScreenManifests UP-TO-DATE
> Task :app:extractDeepLinksDebug UP-TO-DATE
> Task :app:processDebugMainManifest UP-TO-DATE
> Task :app:processDebugManifest UP-TO-DATE
> Task :app:processDebugManifestForPackage UP-TO-DATE
> Task :app:processDebugResources UP-TO-DATE
> Task :app:javaPreCompileDebug UP-TO-DATE
> Task :app:mergeDebugShaders UP-TO-DATE
> Task :app:compileDebugShaders NO-SOURCE
> Task :app:generateDebugAssets UP-TO-DATE
> Task :app:mergeDebugAssets UP-TO-DATE
> Task :app:compressDebugAssets UP-TO-DATE
> Task :app:desugarDebugFileDependencies UP-TO-DATE
> Task :app:checkDebugDuplicateClasses UP-TO-DATE
> Task :app:mergeExtDexDebug UP-TO-DATE
> Task :app:mergeLibDexDebug UP-TO-DATE
> Task :app:configureCMakeDebug[arm64-v8a]
> Task :app:buildCMakeDebug[arm64-v8a]
> Task :app:mergeDebugJniLibFolders UP-TO-DATE
> Task :app:validateSigningDebug UP-TO-DATE
> Task :app:writeDebugAppMetadata UP-TO-DATE
> Task :app:writeDebugSigningConfigVersions UP-TO-DATE
> Task :app:compileDebugKotlin
> Task :app:mergeDebugNativeLibs
> Task :app:stripDebugDebugSymbols

> Task :app:compileDebugKotlin
w: file:///E:/MobileScan3D/repo/app/src/main/java/com/mobilescan3d/MainActivity.kt:848:38 'static field VIBRATOR_SERVICE: String' is deprecated. Deprecated in Java.
w: file:///E:/MobileScan3D/repo/app/src/main/java/com/mobilescan3d/MainActivity.kt:860:18 This declaration overrides a deprecated member but is not marked as deprecated itself. Add the '@Deprecated' annotation or suppress the diagnostic.
w: file:///E:/MobileScan3D/repo/app/src/main/java/com/mobilescan3d/MainActivity.kt:861:15 'fun onRequestPermissionsResult(requestCode: Int, permissions: Array<String>, grantResults: IntArray): Unit' is deprecated. This method has been deprecated in favor of using the Activity Result API
      which brings increased type safety via an {@link ActivityResultContract} and the prebuilt
      contracts for common intents available in
      {@link androidx.activity.result.contract.ActivityResultContracts}, provides hooks for
      testing, and allow receiving results in separate, testable classes independent from your
      activity. Use
      {@link #registerForActivityResult(ActivityResultContract, ActivityResultCallback)} passing
      in a {@link RequestMultiplePermissions} object for the {@link ActivityResultContract} and
      handling the result in the {@link ActivityResultCallback#onActivityResult(Object) callback}.
w: file:///E:/MobileScan3D/repo/app/src/main/java/com/mobilescan3d/MainActivity.kt:1153:36 'fun createCaptureSession(p0: (Mutable)List<Surface!>, p1: CameraCaptureSession.StateCallback, p2: Handler?): Unit' is deprecated. Deprecated in Java.
w: file:///E:/MobileScan3D/repo/app/src/main/java/com/mobilescan3d/MainActivity.kt:1167:48 'fun createCaptureSession(p0: (Mutable)List<Surface!>, p1: CameraCaptureSession.StateCallback, p2: Handler?): Unit' is deprecated. Deprecated in Java.
w: file:///E:/MobileScan3D/repo/app/src/main/java/com/mobilescan3d/MainActivity.kt:2968:79 'static field VIBRATOR_SERVICE: String' is deprecated. Deprecated in Java.
w: file:///E:/MobileScan3D/repo/app/src/main/java/com/mobilescan3d/MainActivity.kt:848:38 'static field VIBRATOR_SERVICE: String' is deprecated. Deprecated in Java.
w: file:///E:/MobileScan3D/repo/app/src/main/java/com/mobilescan3d/MainActivity.kt:860:18 This declaration overrides a deprecated member but is not marked as deprecated itself. Add the '@Deprecated' annotation or suppress the diagnostic.
w: file:///E:/MobileScan3D/repo/app/src/main/java/com/mobilescan3d/MainActivity.kt:861:15 'fun onRequestPermissionsResult(requestCode: Int, permissions: Array<String>, grantResults: IntArray): Unit' is deprecated. This method has been deprecated in favor of using the Activity Result API
      which brings increased type safety via an {@link ActivityResultContract} and the prebuilt
      contracts for common intents available in
      {@link androidx.activity.result.contract.ActivityResultContracts}, provides hooks for
      testing, and allow receiving results in separate, testable classes independent from your
      activity. Use
      {@link #registerForActivityResult(ActivityResultContract, ActivityResultCallback)} passing
      in a {@link RequestMultiplePermissions} object for the {@link ActivityResultContract} and
      handling the result in the {@link ActivityResultCallback#onActivityResult(Object) callback}.
w: file:///E:/MobileScan3D/repo/app/src/main/java/com/mobilescan3d/MainActivity.kt:1153:36 'fun createCaptureSession(p0: (Mutable)List<Surface!>, p1: CameraCaptureSession.StateCallback, p2: Handler?): Unit' is deprecated. Deprecated in Java.
w: file:///E:/MobileScan3D/repo/app/src/main/java/com/mobilescan3d/MainActivity.kt:1167:48 'fun createCaptureSession(p0: (Mutable)List<Surface!>, p1: CameraCaptureSession.StateCallback, p2: Handler?): Unit' is deprecated. Deprecated in Java.
w: file:///E:/MobileScan3D/repo/app/src/main/java/com/mobilescan3d/MainActivity.kt:2968:79 'static field VIBRATOR_SERVICE: String' is deprecated. Deprecated in Java.
w: file:///E:/MobileScan3D/repo/app/src/main/java/com/mobilescan3d/depth/HardwareDepthProvider.kt:140:32 'fun createCaptureSession(p0: (Mutable)List<Surface!>, p1: CameraCaptureSession.StateCallback, p2: Handler?): Unit' is deprecated. Deprecated in Java.

> Task :app:compileDebugJavaWithJavac
> Task :app:dexBuilderDebug
> Task :app:mergeDebugGlobalSynthetics UP-TO-DATE
> Task :app:processDebugJavaRes UP-TO-DATE
> Task :app:mergeDebugJavaResource UP-TO-DATE
> Task :app:mergeProjectDexDebug
> Task :app:packageDebug
> Task :app:createDebugApkListingFileRedirect UP-TO-DATE
> Task :app:assembleDebug

BUILD SUCCESSFUL in 58s
41 actionable tasks: 10 executed, 31 up-to-date
EXIT=0
